---
source: src/gildedrose.rs
expression: "format!(\"{}\", gilded_rose)"
---
Aged Brie, -1, 2

